../Core/Src/Peripheral/led_button_control.c:21:6:button_handler	8	static
../Core/Src/Peripheral/led_button_control.c:52:6:link_callback_IP	8	static
../Core/Src/Peripheral/led_button_control.c:62:6:start_failure_led	8	static
../Core/Src/Peripheral/led_button_control.c:71:6:start_work_led	8	static
../Core/Src/Peripheral/led_button_control.c:79:6:start_link_led	8	static
../Core/Src/Peripheral/led_button_control.c:95:6:start_service_led	8	static
../Core/Src/Peripheral/led_button_control.c:120:6:LedsTask	16	static
