../Core/Src/Peripheral/led_button_control.c:11:6:button_handler	8	static
../Core/Src/Peripheral/led_button_control.c:42:6:link_callback_IP	8	static
../Core/Src/Peripheral/led_button_control.c:52:6:start_failure_led	8	static
../Core/Src/Peripheral/led_button_control.c:61:6:start_work_led	8	static
../Core/Src/Peripheral/led_button_control.c:69:6:start_link_led	8	static
../Core/Src/Peripheral/led_button_control.c:85:6:start_service_led	8	static
../Core/Src/Peripheral/led_button_control.c:110:6:LedsTask	16	static
