core_cm4.h:2064:26:ITM_SendChar	16	static,ignoring_inline_asm
main.c:81:5:_write	32	static
main.c:92:6:HAL_UARTEx_RxEventCallback	16	static
main.c:98:6:HAL_UART_RxCpltCallback	16	static
main.c:106:6:HAL_UART_TxCpltCallback	16	static
main.c:116:6:HAL_TIM_PeriodElapsedCallback	16	static
main.c:138:6:HAL_TIM_IC_CaptureCallback	16	static
main.c:158:6:HAL_GPIO_EXTI_Callback	16	static
main.c:172:5:main	8	static
main.c:245:6:SystemClock_Config	88	static
main.c:292:6:Error_Handler	4	static,ignoring_inline_asm
