../Core/Src/stm32f4xx_it.c:90:6:NMI_Handler	4	static
../Core/Src/stm32f4xx_it.c:105:6:HardFault_Handler	8	static
../Core/Src/stm32f4xx_it.c:120:6:MemManage_Handler	4	static
../Core/Src/stm32f4xx_it.c:135:6:BusFault_Handler	4	static
../Core/Src/stm32f4xx_it.c:150:6:UsageFault_Handler	4	static
../Core/Src/stm32f4xx_it.c:165:6:DebugMon_Handler	4	static
../Core/Src/stm32f4xx_it.c:178:6:SysTick_Handler	8	static
../Core/Src/stm32f4xx_it.c:207:6:DMA1_Stream0_IRQHandler	8	static
../Core/Src/stm32f4xx_it.c:221:6:TIM1_BRK_TIM9_IRQHandler	8	static
../Core/Src/stm32f4xx_it.c:236:6:TIM1_UP_TIM10_IRQHandler	8	static
../Core/Src/stm32f4xx_it.c:250:6:TIM2_IRQHandler	8	static
../Core/Src/stm32f4xx_it.c:264:6:TIM3_IRQHandler	8	static
../Core/Src/stm32f4xx_it.c:278:6:TIM4_IRQHandler	8	static
../Core/Src/stm32f4xx_it.c:292:6:SPI1_IRQHandler	8	static
../Core/Src/stm32f4xx_it.c:306:6:USART1_IRQHandler	8	static
../Core/Src/stm32f4xx_it.c:320:6:USART3_IRQHandler	8	static
../Core/Src/stm32f4xx_it.c:334:6:TIM8_BRK_TIM12_IRQHandler	8	static
../Core/Src/stm32f4xx_it.c:349:6:DMA1_Stream7_IRQHandler	8	static
../Core/Src/stm32f4xx_it.c:363:6:UART4_IRQHandler	8	static
../Core/Src/stm32f4xx_it.c:377:6:UART5_IRQHandler	8	static
../Core/Src/stm32f4xx_it.c:391:6:DMA2_Stream0_IRQHandler	8	static
../Core/Src/stm32f4xx_it.c:405:6:DMA2_Stream2_IRQHandler	8	static
../Core/Src/stm32f4xx_it.c:419:6:DMA2_Stream3_IRQHandler	8	static
../Core/Src/stm32f4xx_it.c:433:6:ETH_IRQHandler	8	static
../Core/Src/stm32f4xx_it.c:447:6:DMA2_Stream7_IRQHandler	8	static
../Core/Src/stm32f4xx_it.c:461:6:USART6_IRQHandler	8	static
