../Core/Src/stm32f4xx_it.c:84:6:NMI_Handler	4	static
../Core/Src/stm32f4xx_it.c:99:6:HardFault_Handler	4	static
../Core/Src/stm32f4xx_it.c:114:6:MemManage_Handler	4	static
../Core/Src/stm32f4xx_it.c:129:6:BusFault_Handler	4	static
../Core/Src/stm32f4xx_it.c:144:6:UsageFault_Handler	4	static
../Core/Src/stm32f4xx_it.c:159:6:DebugMon_Handler	4	static
../Core/Src/stm32f4xx_it.c:172:6:SysTick_Handler	8	static
../Core/Src/stm32f4xx_it.c:201:6:DMA1_Stream0_IRQHandler	8	static
../Core/Src/stm32f4xx_it.c:215:6:TIM1_BRK_TIM9_IRQHandler	8	static
../Core/Src/stm32f4xx_it.c:230:6:TIM1_UP_TIM10_IRQHandler	8	static
../Core/Src/stm32f4xx_it.c:244:6:TIM2_IRQHandler	8	static
../Core/Src/stm32f4xx_it.c:258:6:TIM3_IRQHandler	8	static
../Core/Src/stm32f4xx_it.c:272:6:USART1_IRQHandler	8	static
../Core/Src/stm32f4xx_it.c:286:6:TIM8_BRK_TIM12_IRQHandler	8	static
../Core/Src/stm32f4xx_it.c:301:6:DMA1_Stream7_IRQHandler	8	static
../Core/Src/stm32f4xx_it.c:315:6:UART4_IRQHandler	8	static
../Core/Src/stm32f4xx_it.c:329:6:UART5_IRQHandler	8	static
../Core/Src/stm32f4xx_it.c:343:6:DMA2_Stream2_IRQHandler	8	static
../Core/Src/stm32f4xx_it.c:357:6:ETH_IRQHandler	8	static
../Core/Src/stm32f4xx_it.c:371:6:DMA2_Stream7_IRQHandler	8	static
