../Core/Src/Remote_control/remote_control.c:35:6:rc_receive_temp	8	static
../Core/Src/Remote_control/remote_control.c:56:6:rc_receive_fan	16	static
../Core/Src/Remote_control/remote_control.c:100:6:rc_receive_work	8	static
../Core/Src/Remote_control/remote_control.c:124:6:rc_receive_switch	8	static
../Core/Src/Remote_control/remote_control.c:152:6:rc_receive_handler	8	static
../Core/Src/Remote_control/remote_control.c:163:6:check_limit_temp	8	static
../Core/Src/Remote_control/remote_control.c:172:6:check_limit_fan	8	static
../Core/Src/Remote_control/remote_control.c:181:6:check_limit_work	8	static
../Core/Src/Remote_control/remote_control.c:190:6:check_changes	8	static
../Core/Src/Remote_control/remote_control.c:286:6:rc_send_handler	8	static
../Core/Src/Remote_control/remote_control.c:310:6:RemoteControlTask	16	static
../Core/Src/Remote_control/remote_control.c:327:6:create_remote_control_task	48	static
../Core/Src/Remote_control/remote_control.c:333:6:check_remote_control	8	static
