../Core/Src/Remote_control/remote_control.c:15:8:modbus_set_holding	16	static
../Core/Src/Remote_control/remote_control.c:20:9:modbus_get_holding	16	static
../Core/Src/Remote_control/remote_control.c:46:6:rc_receive_temp	8	static
../Core/Src/Remote_control/remote_control.c:67:6:rc_receive_fan	16	static
../Core/Src/Remote_control/remote_control.c:111:6:rc_receive_work	8	static
../Core/Src/Remote_control/remote_control.c:135:6:rc_receive_switch	8	static
../Core/Src/Remote_control/remote_control.c:163:6:rc_receive_handler	8	static
../Core/Src/Remote_control/remote_control.c:174:6:check_limit_temp	8	static
../Core/Src/Remote_control/remote_control.c:183:6:check_limit_fan	8	static
../Core/Src/Remote_control/remote_control.c:192:6:check_limit_work	8	static
../Core/Src/Remote_control/remote_control.c:201:6:check_changes	8	static
../Core/Src/Remote_control/remote_control.c:278:6:rc_send_handler	8	static
../Core/Src/Remote_control/remote_control.c:286:6:try_connect	8	static
../Core/Src/Remote_control/remote_control.c:304:6:RemoteControlTask	16	static
../Core/Src/Remote_control/remote_control.c:321:6:create_remote_control_task	8	static
../Core/Src/Remote_control/remote_control.c:326:6:check_remote_control	8	static
