../Core/Src/Mqtt/mqtt_client.c:18:13:mqtt_pub_request_cb	16	static
../Core/Src/Mqtt/mqtt_client.c:24:6:publish_mqtt	48	static
../Core/Src/Mqtt/mqtt_client.c:46:13:mqtt_incoming_publish_cb	24	static
../Core/Src/Mqtt/mqtt_client.c:63:13:mqtt_incoming_data_cb	24	static
../Core/Src/Mqtt/mqtt_client.c:88:13:mqtt_sub_request_cb	16	static
../Core/Src/Mqtt/mqtt_client.c:95:13:mqtt_connection_cb	40	static
../Core/Src/Mqtt/mqtt_client.c:121:6:connect_mqtt	56	static
../Core/Src/Mqtt/mqtt_client.c:153:6:init_mqtt	8	static
../Core/Src/Mqtt/mqtt_client.c:163:6:start_mqtt	8	static
../Core/Src/Mqtt/mqtt_client.c:173:6:MqttClientTask	16	static
