../Core/Src/Mqtt/mqtt_client.c:23:13:mqtt_pub_request_cb	16	static
../Core/Src/Mqtt/mqtt_client.c:31:6:publish_message_qos0	48	static
../Core/Src/Mqtt/mqtt_client.c:44:6:publish_message	48	static
../Core/Src/Mqtt/mqtt_client.c:58:13:mqtt_incoming_publish_cb	24	static
../Core/Src/Mqtt/mqtt_client.c:79:13:mqtt_incoming_data_cb	32	static
../Core/Src/Mqtt/mqtt_client.c:158:13:mqtt_sub_request_cb	16	static
../Core/Src/Mqtt/mqtt_client.c:174:13:mqtt_connection_cb	40	static
../Core/Src/Mqtt/mqtt_client.c:232:6:connect_mqtt	32	static
../Core/Src/Mqtt/mqtt_client.c:248:6:publish_message_topic	32	static
../Core/Src/Mqtt/mqtt_client.c:267:6:start_mqtt	8	static
../Core/Src/Mqtt/mqtt_client.c:288:6:update_mqtt_parameters	32	static
../Core/Src/Mqtt/mqtt_client.c:306:6:set_mqtt_parameters	24	static
../Core/Src/Mqtt/mqtt_client.c:351:6:set_user_test	16	static
../Core/Src/Mqtt/mqtt_client.c:364:6:init_mqtt	8	static
