../Core/Src/Mqtt/mqtt_client.c:21:13:mqtt_pub_request_cb	16	static
../Core/Src/Mqtt/mqtt_client.c:29:6:publish_message_qos0	48	static
../Core/Src/Mqtt/mqtt_client.c:42:6:publish_message	48	static
../Core/Src/Mqtt/mqtt_client.c:56:13:mqtt_incoming_publish_cb	24	static
../Core/Src/Mqtt/mqtt_client.c:77:13:mqtt_incoming_data_cb	32	static
../Core/Src/Mqtt/mqtt_client.c:154:13:mqtt_sub_request_cb	16	static
../Core/Src/Mqtt/mqtt_client.c:164:13:mqtt_connection_cb	40	static
../Core/Src/Mqtt/mqtt_client.c:219:6:connect_mqtt	32	static
../Core/Src/Mqtt/mqtt_client.c:235:6:start_mqtt	8	static
../Core/Src/Mqtt/mqtt_client.c:246:6:update_mqtt_parameters	32	static
../Core/Src/Mqtt/mqtt_client.c:264:6:set_mqtt_parameters	24	static
../Core/Src/Mqtt/mqtt_client.c:309:6:set_user_test	16	static
../Core/Src/Mqtt/mqtt_client.c:322:6:init_mqtt	8	static
