../Core/Src/Mqtt/mqtt_client.c:24:13:mqtt_pub_request_cb	16	static
../Core/Src/Mqtt/mqtt_client.c:32:6:publish_message_qos0	48	static
../Core/Src/Mqtt/mqtt_client.c:46:6:publish_message	48	static
../Core/Src/Mqtt/mqtt_client.c:61:13:mqtt_incoming_publish_cb	24	static
../Core/Src/Mqtt/mqtt_client.c:84:13:mqtt_incoming_data_cb	32	static
../Core/Src/Mqtt/mqtt_client.c:167:6:mqtt_sub_request_cb	16	static
../Core/Src/Mqtt/mqtt_client.c:176:6:mqtt_unsub_request_cb	16	static
../Core/Src/Mqtt/mqtt_client.c:187:13:mqtt_connection_cb	40	static
../Core/Src/Mqtt/mqtt_client.c:256:6:connect_mqtt	32	static
../Core/Src/Mqtt/mqtt_client.c:273:6:publish_message_topic	32	static
../Core/Src/Mqtt/mqtt_client.c:295:6:start_mqtt	8	static
../Core/Src/Mqtt/mqtt_client.c:309:6:update_mqtt_parameters	80	static
../Core/Src/Mqtt/mqtt_client.c:349:6:set_mqtt_parameters	24	static
../Core/Src/Mqtt/mqtt_client.c:394:6:set_user_test	12	static
../Core/Src/Mqtt/mqtt_client.c:405:6:set_log_test	8	static
../Core/Src/Mqtt/mqtt_client.c:416:6:init_mqtt	8	static
