../Core/Src/Mqtt/mqtt_client.c:24:13:mqtt_pub_request_cb	16	static
../Core/Src/Mqtt/mqtt_client.c:32:6:publish_message_qos0	48	static
../Core/Src/Mqtt/mqtt_client.c:45:6:publish_message	48	static
../Core/Src/Mqtt/mqtt_client.c:59:13:mqtt_incoming_publish_cb	24	static
../Core/Src/Mqtt/mqtt_client.c:80:13:mqtt_incoming_data_cb	32	static
../Core/Src/Mqtt/mqtt_client.c:159:13:mqtt_sub_request_cb	16	static
../Core/Src/Mqtt/mqtt_client.c:175:13:mqtt_connection_cb	40	static
../Core/Src/Mqtt/mqtt_client.c:233:6:connect_mqtt	32	static
../Core/Src/Mqtt/mqtt_client.c:249:6:publish_message_topic	32	static
../Core/Src/Mqtt/mqtt_client.c:267:6:start_mqtt	8	static
../Core/Src/Mqtt/mqtt_client.c:288:6:update_mqtt_parameters	72	static
../Core/Src/Mqtt/mqtt_client.c:328:6:set_mqtt_parameters	24	static
../Core/Src/Mqtt/mqtt_client.c:373:6:set_user_test	12	static
../Core/Src/Mqtt/mqtt_client.c:386:6:init_mqtt	8	static
