../Core/Src/Mqtt/mqtt_client.c:24:13:mqtt_pub_request_cb	16	static
../Core/Src/Mqtt/mqtt_client.c:32:6:publish_message_qos0	48	static
../Core/Src/Mqtt/mqtt_client.c:45:6:publish_message	48	static
../Core/Src/Mqtt/mqtt_client.c:59:13:mqtt_incoming_publish_cb	24	static
../Core/Src/Mqtt/mqtt_client.c:82:13:mqtt_incoming_data_cb	32	static
../Core/Src/Mqtt/mqtt_client.c:165:6:mqtt_sub_request_cb	16	static
../Core/Src/Mqtt/mqtt_client.c:174:6:mqtt_unsub_request_cb	16	static
../Core/Src/Mqtt/mqtt_client.c:185:13:mqtt_connection_cb	40	static
../Core/Src/Mqtt/mqtt_client.c:254:6:connect_mqtt	32	static
../Core/Src/Mqtt/mqtt_client.c:271:6:publish_message_topic	32	static
../Core/Src/Mqtt/mqtt_client.c:293:6:start_mqtt	8	static
../Core/Src/Mqtt/mqtt_client.c:307:6:update_mqtt_parameters	80	static
../Core/Src/Mqtt/mqtt_client.c:347:6:set_mqtt_parameters	24	static
../Core/Src/Mqtt/mqtt_client.c:392:6:set_user_test	12	static
../Core/Src/Mqtt/mqtt_client.c:403:6:set_log_test	8	static
../Core/Src/Mqtt/mqtt_client.c:414:6:init_mqtt	8	static
