../Core/Src/Modes/smart_mode_external.c:16:6:reset_smart_mode	8	static
../Core/Src/Modes/smart_mode_external.c:25:6:get_smart_mode_state	4	static
../Core/Src/Modes/smart_mode_external.c:30:5:compute_speed_pwm	40	static
../Core/Src/Modes/smart_mode_external.c:42:6:calc_smart_speed	8	static
../Core/Src/Modes/smart_mode_external.c:48:6:start_smart_mode	8	static
../Core/Src/Modes/smart_mode_external.c:56:6:off_smart_mode	8	static
../Core/Src/Modes/smart_mode_external.c:67:6:smart_mode_external	8	static
