../Core/Src/Httpserver/httpserver.c:27:13:CGIForm_Handler	32	static
../Core/Src/Httpserver/httpserver.c:82:13:CGILED_Handler	32	static
../Core/Src/Httpserver/httpserver.c:105:6:http_cgi_init	8	static
../Core/Src/Httpserver/httpserver.c:120:6:set_ota_url	32	static
../Core/Src/Httpserver/httpserver.c:134:6:boot_jump	24	static,ignoring_inline_asm
../Core/Src/Httpserver/httpserver.c:155:5:flash_data	40	static
../Core/Src/Httpserver/httpserver.c:213:6:erase_sectors	8	static
../Core/Src/Httpserver/httpserver.c:222:5:http_get_content_length	40	static
../Core/Src/Httpserver/httpserver.c:240:5:registration_data_handler_post	296	static
../Core/Src/Httpserver/httpserver.c:303:14:http_get_recv_str	56	static
../Core/Src/Httpserver/httpserver.c:337:13:http_server	136	static
../Core/Src/Httpserver/httpserver.c:451:13:http_thread	32	static
../Core/Src/Httpserver/httpserver.c:486:6:http_server_init	16	static
