../Core/Src/Ota/ota.c:17:6:start_update_firmware	8	static
../Core/Src/Ota/ota.c:21:6:start_update_firmware_isr	8	static
../Core/Src/Ota/ota.c:72:14:tcp_send_packet	24	static
../Core/Src/Ota/ota.c:94:13:tcp_client_connection_close	16	static
../Core/Src/Ota/ota.c:114:14:tcp_client_poll	24	static
../Core/Src/Ota/ota.c:145:14:tcp_client_recv	40	static
../Core/Src/Ota/ota.c:239:14:tcp_client_connected	32	static
../Core/Src/Ota/ota.c:280:6:tcp_setup	64	static
../Core/Src/Ota/ota.c:305:6:OtaTask	24	static
