../Core/Src/Ota/ota.c:18:6:start_update_firmware	8	static
../Core/Src/Ota/ota.c:22:6:start_update_firmware_isr	8	static
../Core/Src/Ota/ota.c:27:6:set_ota_url	32	static
../Core/Src/Ota/ota.c:40:6:erase_sectors	8	static
../Core/Src/Ota/ota.c:48:6:boot_jump	24	static,ignoring_inline_asm
../Core/Src/Ota/ota.c:63:5:flash_data	32	static
../Core/Src/Ota/ota.c:104:14:tcp_send_packet	32	static
../Core/Src/Ota/ota.c:126:13:tcp_client_connection_close	16	static
../Core/Src/Ota/ota.c:146:14:tcp_client_poll	24	static
../Core/Src/Ota/ota.c:177:14:tcp_client_recv	40	static
../Core/Src/Ota/ota.c:269:14:tcp_client_connected	32	static
../Core/Src/Ota/ota.c:310:6:tcp_setup	64	static
../Core/Src/Ota/ota.c:335:6:test_wireless_params	12	static
../Core/Src/Ota/ota.c:341:6:OtaTask	16	static
