../Core/Inc/W25qxx/w25qxx.c:17:6:W25qxx_Spi	16	static
../Core/Inc/W25qxx/w25qxx.c:21:9:W25qxx_Spi_	24	static
../Core/Inc/W25qxx/w25qxx.c:28:10:W25qxx_ReadID	24	static
../Core/Inc/W25qxx/w25qxx.c:41:6:W25qxx_ReadUniqID	24	static
../Core/Inc/W25qxx/w25qxx.c:52:6:W25qxx_WriteEnable	8	static
../Core/Inc/W25qxx/w25qxx.c:60:6:W25qxx_WriteDisable	8	static
../Core/Inc/W25qxx/w25qxx.c:68:9:W25qxx_ReadStatusRegister	24	static
../Core/Inc/W25qxx/w25qxx.c:94:6:W25qxx_WriteStatusRegister	16	static
../Core/Inc/W25qxx/w25qxx.c:116:6:W25qxx_WaitForWriteEnd	8	static
../Core/Inc/W25qxx/w25qxx.c:129:6:W25qxx_Init	16	static
../Core/Inc/W25qxx/w25qxx.c:220:6:W25qxx_EraseChip	16	static
../Core/Inc/W25qxx/w25qxx.c:237:6:W25qxx_EraseSector	24	static
../Core/Inc/W25qxx/w25qxx.c:267:6:W25qxx_EraseBlock	24	static
../Core/Inc/W25qxx/w25qxx.c:299:10:W25qxx_PageToSector	16	static
../Core/Inc/W25qxx/w25qxx.c:304:10:W25qxx_PageToBlock	16	static
../Core/Inc/W25qxx/w25qxx.c:309:10:W25qxx_SectorToBlock	16	static
../Core/Inc/W25qxx/w25qxx.c:314:10:W25qxx_SectorToPage	16	static
../Core/Inc/W25qxx/w25qxx.c:319:10:W25qxx_BlockToPage	16	static
../Core/Inc/W25qxx/w25qxx.c:324:6:W25qxx_IsEmptyPage	72	static
../Core/Inc/W25qxx/w25qxx.c:400:6:W25qxx_IsEmptySector	72	static
../Core/Inc/W25qxx/w25qxx.c:475:6:W25qxx_IsEmptyBlock	72	static
../Core/Inc/W25qxx/w25qxx.c:552:6:W25qxx_WriteByte	24	static
../Core/Inc/W25qxx/w25qxx.c:582:6:W25qxx_WritePage	24	static
../Core/Inc/W25qxx/w25qxx.c:630:6:W25qxx_WriteSector	40	static
../Core/Inc/W25qxx/w25qxx.c:663:6:W25qxx_WriteBlock	40	static
../Core/Inc/W25qxx/w25qxx.c:696:6:W25qxx_ReadByte	32	static
../Core/Inc/W25qxx/w25qxx.c:724:6:W25qxx_ReadBytes	32	static
../Core/Inc/W25qxx/w25qxx.c:765:6:W25qxx_ReadPage	32	static
../Core/Inc/W25qxx/w25qxx.c:811:6:W25qxx_ReadSector	40	static
../Core/Inc/W25qxx/w25qxx.c:844:6:W25qxx_ReadBlock	40	static
